Test for the say_my_name function

Import the module
>>> file = __import__("3-say_my_name")
>>> function = file.say_my_name
>>> str1 = "Musa"
>>> str2 = "Kanneh"

#Normal Test
>>> function(str1, str2)
My name is Musa Kanneh

>>> function(str1)
My name is Musa 

#Handling errors
>>> function(str1, 2)
Traceback (most recent call last):
  File "<stdin>", line 1, in <module>
  File "/home/timix/Documents/ALX/alx-higher_level_programming/0x07-python-test_driven_development/3-say_my_name.py", line 16, in say_my_name
    raise TypeError("last_name must be a string")
TypeError: last_name must be a string

>>> function(2)
Traceback (most recent call last):
  File "<stdin>", line 1, in <module>
  File "/home/timix/Documents/ALX/alx-higher_level_programming/0x07-python-test_driven_development/3-say_my_name.py", line 14, in say_my_name
    raise TypeError("first_name must be a string")
TypeError: first_name must be a string